---
source: lact-daemon/src/tests/mod.rs
expression: write_commands
---
[
    "card1/device/hwmon/hwmon3/power1_cap: 200000000",
]
